../Hardware/OLED/oled.c:16:6:IIC_Start	8	static
../Hardware/OLED/oled.c:27:6:IIC_Stop	8	static
../Hardware/OLED/oled.c:34:6:IIC_Wait_Ack	8	static
../Hardware/OLED/oled.c:43:6:Write_IIC_Byte	24	static
../Hardware/OLED/oled.c:67:6:Write_IIC_Command	16	static
../Hardware/OLED/oled.c:81:6:Write_IIC_Data	16	static
../Hardware/OLED/oled.c:92:6:OLED_WR_Byte	16	static
../Hardware/OLED/oled.c:108:6:fill_picture	24	static
../Hardware/OLED/oled.c:124:6:OLED_Set_Pos	16	static
../Hardware/OLED/oled.c:131:6:OLED_Display_On	8	static
../Hardware/OLED/oled.c:138:6:OLED_Display_Off	8	static
../Hardware/OLED/oled.c:145:6:OLED_Clear	16	static
../Hardware/OLED/oled.c:157:6:OLED_On	16	static
../Hardware/OLED/oled.c:173:6:OLED_ShowChar	32	static
../Hardware/OLED/oled.c:196:10:oled_pow	24	static
../Hardware/OLED/oled.c:208:6:OLED_ShowNum	24	static
../Hardware/OLED/oled.c:228:6:OLED_ShowString	24	static
../Hardware/OLED/oled.c:243:6:OLED_ShowCHinese	24	static
../Hardware/OLED/oled.c:260:6:OLED_DrawBMP	32	static
../Hardware/OLED/oled.c:278:6:OLED_Init	8	static
